Copyright 1986-2019 Xilinx, Inc. All Rights Reserved.
-----------------------------------------------------------------------------------------------------------------------------------------------------------------
| Tool Version : Vivado v.2019.1 (lin64) Build 2552052 Fri May 24 14:47:09 MDT 2019
| Date         : Fri Jan 10 14:14:38 2020
| Host         : Carbon running 64-bit Ubuntu 18.04.3 LTS
| Command      : report_methodology -file cw305_top_methodology_drc_routed.rpt -pb cw305_top_methodology_drc_routed.pb -rpx cw305_top_methodology_drc_routed.rpx
| Design       : cw305_top
| Device       : xc7a100tftg256-1
| Speed File   : -1
| Design State : Fully Routed
-----------------------------------------------------------------------------------------------------------------------------------------------------------------

Report Methodology

Table of Contents
-----------------
1. REPORT SUMMARY
2. REPORT DETAILS

1. REPORT SUMMARY
-----------------
            Netlist: netlist
          Floorplan: design_1
      Design limits: <entire design considered>
             Max violations: <unlimited>
             Violations found: 204
+-----------+------------------+------------------------------------------------+------------+
| Rule      | Severity         | Description                                    | Violations |
+-----------+------------------+------------------------------------------------+------------+
| TIMING-6  | Critical Warning | No common primary clock between related clocks | 2          |
| TIMING-7  | Critical Warning | No common node between related clocks          | 2          |
| TIMING-17 | Critical Warning | Non-clocked sequential cell                    | 174        |
| LUTAR-1   | Warning          | LUT drives async reset alert                   | 1          |
| TIMING-18 | Warning          | Missing input or output delay                  | 17         |
| XDCH-2    | Warning          | Same min and max delay values on IO port       | 8          |
+-----------+------------------+------------------------------------------------+------------+

2. REPORT DETAILS
-----------------
TIMING-6#1 Critical Warning
No common primary clock between related clocks  
The clocks pll_clk1 and tio_clkin are related (timed together) but they have no common primary clock. The design could fail in hardware. To find a timing path between these clocks, run the following command: report_timing -from [get_clocks pll_clk1] -to [get_clocks tio_clkin]
Related violations: <none>

TIMING-6#2 Critical Warning
No common primary clock between related clocks  
The clocks tio_clkin and pll_clk1 are related (timed together) but they have no common primary clock. The design could fail in hardware. To find a timing path between these clocks, run the following command: report_timing -from [get_clocks tio_clkin] -to [get_clocks pll_clk1]
Related violations: <none>

TIMING-7#1 Critical Warning
No common node between related clocks  
The clocks pll_clk1 and tio_clkin are related (timed together) but they have no common node. The design could fail in hardware. To find a timing path between these clocks, run the following command: report_timing -from [get_clocks pll_clk1] -to [get_clocks tio_clkin]
Related violations: <none>

TIMING-7#2 Critical Warning
No common node between related clocks  
The clocks tio_clkin and pll_clk1 are related (timed together) but they have no common node. The design could fail in hardware. To find a timing path between these clocks, run the following command: report_timing -from [get_clocks tio_clkin] -to [get_clocks pll_clk1]
Related violations: <none>

TIMING-17#1 Critical Warning
Non-clocked sequential cell  
The clock pin my_usb/data_out_reg[0]/C is not reached by a timing clock
Related violations: <none>

TIMING-17#2 Critical Warning
Non-clocked sequential cell  
The clock pin my_usb/data_out_reg[1]/C is not reached by a timing clock
Related violations: <none>

TIMING-17#3 Critical Warning
Non-clocked sequential cell  
The clock pin my_usb/data_out_reg[2]/C is not reached by a timing clock
Related violations: <none>

TIMING-17#4 Critical Warning
Non-clocked sequential cell  
The clock pin my_usb/data_out_reg[3]/C is not reached by a timing clock
Related violations: <none>

TIMING-17#5 Critical Warning
Non-clocked sequential cell  
The clock pin my_usb/data_out_reg[4]/C is not reached by a timing clock
Related violations: <none>

TIMING-17#6 Critical Warning
Non-clocked sequential cell  
The clock pin my_usb/data_out_reg[5]/C is not reached by a timing clock
Related violations: <none>

TIMING-17#7 Critical Warning
Non-clocked sequential cell  
The clock pin my_usb/data_out_reg[6]/C is not reached by a timing clock
Related violations: <none>

TIMING-17#8 Critical Warning
Non-clocked sequential cell  
The clock pin my_usb/data_out_reg[7]/C is not reached by a timing clock
Related violations: <none>

TIMING-17#9 Critical Warning
Non-clocked sequential cell  
The clock pin my_usb/memory_input_reg[2048]/C is not reached by a timing clock
Related violations: <none>

TIMING-17#10 Critical Warning
Non-clocked sequential cell  
The clock pin my_usb/memory_input_reg[2049]/C is not reached by a timing clock
Related violations: <none>

TIMING-17#11 Critical Warning
Non-clocked sequential cell  
The clock pin my_usb/memory_input_reg[2050]/C is not reached by a timing clock
Related violations: <none>

TIMING-17#12 Critical Warning
Non-clocked sequential cell  
The clock pin my_usb/memory_input_reg[2051]/C is not reached by a timing clock
Related violations: <none>

TIMING-17#13 Critical Warning
Non-clocked sequential cell  
The clock pin my_usb/memory_input_reg[2052]/C is not reached by a timing clock
Related violations: <none>

TIMING-17#14 Critical Warning
Non-clocked sequential cell  
The clock pin my_usb/memory_input_reg[2053]/C is not reached by a timing clock
Related violations: <none>

TIMING-17#15 Critical Warning
Non-clocked sequential cell  
The clock pin my_usb/memory_input_reg[2054]/C is not reached by a timing clock
Related violations: <none>

TIMING-17#16 Critical Warning
Non-clocked sequential cell  
The clock pin my_usb/memory_input_reg[2055]/C is not reached by a timing clock
Related violations: <none>

TIMING-17#17 Critical Warning
Non-clocked sequential cell  
The clock pin my_usb/memory_input_reg[2056]/C is not reached by a timing clock
Related violations: <none>

TIMING-17#18 Critical Warning
Non-clocked sequential cell  
The clock pin my_usb/memory_input_reg[2057]/C is not reached by a timing clock
Related violations: <none>

TIMING-17#19 Critical Warning
Non-clocked sequential cell  
The clock pin my_usb/memory_input_reg[2058]/C is not reached by a timing clock
Related violations: <none>

TIMING-17#20 Critical Warning
Non-clocked sequential cell  
The clock pin my_usb/memory_input_reg[2059]/C is not reached by a timing clock
Related violations: <none>

TIMING-17#21 Critical Warning
Non-clocked sequential cell  
The clock pin my_usb/memory_input_reg[2060]/C is not reached by a timing clock
Related violations: <none>

TIMING-17#22 Critical Warning
Non-clocked sequential cell  
The clock pin my_usb/memory_input_reg[2061]/C is not reached by a timing clock
Related violations: <none>

TIMING-17#23 Critical Warning
Non-clocked sequential cell  
The clock pin my_usb/memory_input_reg[2062]/C is not reached by a timing clock
Related violations: <none>

TIMING-17#24 Critical Warning
Non-clocked sequential cell  
The clock pin my_usb/memory_input_reg[2063]/C is not reached by a timing clock
Related violations: <none>

TIMING-17#25 Critical Warning
Non-clocked sequential cell  
The clock pin my_usb/memory_input_reg[2064]/C is not reached by a timing clock
Related violations: <none>

TIMING-17#26 Critical Warning
Non-clocked sequential cell  
The clock pin my_usb/memory_input_reg[2065]/C is not reached by a timing clock
Related violations: <none>

TIMING-17#27 Critical Warning
Non-clocked sequential cell  
The clock pin my_usb/memory_input_reg[2066]/C is not reached by a timing clock
Related violations: <none>

TIMING-17#28 Critical Warning
Non-clocked sequential cell  
The clock pin my_usb/memory_input_reg[2067]/C is not reached by a timing clock
Related violations: <none>

TIMING-17#29 Critical Warning
Non-clocked sequential cell  
The clock pin my_usb/memory_input_reg[2068]/C is not reached by a timing clock
Related violations: <none>

TIMING-17#30 Critical Warning
Non-clocked sequential cell  
The clock pin my_usb/memory_input_reg[2069]/C is not reached by a timing clock
Related violations: <none>

TIMING-17#31 Critical Warning
Non-clocked sequential cell  
The clock pin my_usb/memory_input_reg[2070]/C is not reached by a timing clock
Related violations: <none>

TIMING-17#32 Critical Warning
Non-clocked sequential cell  
The clock pin my_usb/memory_input_reg[2071]/C is not reached by a timing clock
Related violations: <none>

TIMING-17#33 Critical Warning
Non-clocked sequential cell  
The clock pin my_usb/memory_input_reg[2072]/C is not reached by a timing clock
Related violations: <none>

TIMING-17#34 Critical Warning
Non-clocked sequential cell  
The clock pin my_usb/memory_input_reg[2073]/C is not reached by a timing clock
Related violations: <none>

TIMING-17#35 Critical Warning
Non-clocked sequential cell  
The clock pin my_usb/memory_input_reg[2074]/C is not reached by a timing clock
Related violations: <none>

TIMING-17#36 Critical Warning
Non-clocked sequential cell  
The clock pin my_usb/memory_input_reg[2075]/C is not reached by a timing clock
Related violations: <none>

TIMING-17#37 Critical Warning
Non-clocked sequential cell  
The clock pin my_usb/memory_input_reg[2076]/C is not reached by a timing clock
Related violations: <none>

TIMING-17#38 Critical Warning
Non-clocked sequential cell  
The clock pin my_usb/memory_input_reg[2077]/C is not reached by a timing clock
Related violations: <none>

TIMING-17#39 Critical Warning
Non-clocked sequential cell  
The clock pin my_usb/memory_input_reg[2078]/C is not reached by a timing clock
Related violations: <none>

TIMING-17#40 Critical Warning
Non-clocked sequential cell  
The clock pin my_usb/memory_input_reg[2079]/C is not reached by a timing clock
Related violations: <none>

TIMING-17#41 Critical Warning
Non-clocked sequential cell  
The clock pin my_usb/memory_input_reg[2080]/C is not reached by a timing clock
Related violations: <none>

TIMING-17#42 Critical Warning
Non-clocked sequential cell  
The clock pin my_usb/memory_input_reg[2081]/C is not reached by a timing clock
Related violations: <none>

TIMING-17#43 Critical Warning
Non-clocked sequential cell  
The clock pin my_usb/memory_input_reg[2082]/C is not reached by a timing clock
Related violations: <none>

TIMING-17#44 Critical Warning
Non-clocked sequential cell  
The clock pin my_usb/memory_input_reg[2083]/C is not reached by a timing clock
Related violations: <none>

TIMING-17#45 Critical Warning
Non-clocked sequential cell  
The clock pin my_usb/memory_input_reg[2084]/C is not reached by a timing clock
Related violations: <none>

TIMING-17#46 Critical Warning
Non-clocked sequential cell  
The clock pin my_usb/memory_input_reg[2085]/C is not reached by a timing clock
Related violations: <none>

TIMING-17#47 Critical Warning
Non-clocked sequential cell  
The clock pin my_usb/memory_input_reg[2086]/C is not reached by a timing clock
Related violations: <none>

TIMING-17#48 Critical Warning
Non-clocked sequential cell  
The clock pin my_usb/memory_input_reg[2087]/C is not reached by a timing clock
Related violations: <none>

TIMING-17#49 Critical Warning
Non-clocked sequential cell  
The clock pin my_usb/memory_input_reg[2088]/C is not reached by a timing clock
Related violations: <none>

TIMING-17#50 Critical Warning
Non-clocked sequential cell  
The clock pin my_usb/memory_input_reg[2089]/C is not reached by a timing clock
Related violations: <none>

TIMING-17#51 Critical Warning
Non-clocked sequential cell  
The clock pin my_usb/memory_input_reg[2090]/C is not reached by a timing clock
Related violations: <none>

TIMING-17#52 Critical Warning
Non-clocked sequential cell  
The clock pin my_usb/memory_input_reg[2091]/C is not reached by a timing clock
Related violations: <none>

TIMING-17#53 Critical Warning
Non-clocked sequential cell  
The clock pin my_usb/memory_input_reg[2092]/C is not reached by a timing clock
Related violations: <none>

TIMING-17#54 Critical Warning
Non-clocked sequential cell  
The clock pin my_usb/memory_input_reg[2093]/C is not reached by a timing clock
Related violations: <none>

TIMING-17#55 Critical Warning
Non-clocked sequential cell  
The clock pin my_usb/memory_input_reg[2094]/C is not reached by a timing clock
Related violations: <none>

TIMING-17#56 Critical Warning
Non-clocked sequential cell  
The clock pin my_usb/memory_input_reg[2095]/C is not reached by a timing clock
Related violations: <none>

TIMING-17#57 Critical Warning
Non-clocked sequential cell  
The clock pin my_usb/memory_input_reg[2096]/C is not reached by a timing clock
Related violations: <none>

TIMING-17#58 Critical Warning
Non-clocked sequential cell  
The clock pin my_usb/memory_input_reg[2097]/C is not reached by a timing clock
Related violations: <none>

TIMING-17#59 Critical Warning
Non-clocked sequential cell  
The clock pin my_usb/memory_input_reg[2098]/C is not reached by a timing clock
Related violations: <none>

TIMING-17#60 Critical Warning
Non-clocked sequential cell  
The clock pin my_usb/memory_input_reg[2099]/C is not reached by a timing clock
Related violations: <none>

TIMING-17#61 Critical Warning
Non-clocked sequential cell  
The clock pin my_usb/memory_input_reg[2100]/C is not reached by a timing clock
Related violations: <none>

TIMING-17#62 Critical Warning
Non-clocked sequential cell  
The clock pin my_usb/memory_input_reg[2101]/C is not reached by a timing clock
Related violations: <none>

TIMING-17#63 Critical Warning
Non-clocked sequential cell  
The clock pin my_usb/memory_input_reg[2102]/C is not reached by a timing clock
Related violations: <none>

TIMING-17#64 Critical Warning
Non-clocked sequential cell  
The clock pin my_usb/memory_input_reg[2103]/C is not reached by a timing clock
Related violations: <none>

TIMING-17#65 Critical Warning
Non-clocked sequential cell  
The clock pin my_usb/memory_input_reg[2104]/C is not reached by a timing clock
Related violations: <none>

TIMING-17#66 Critical Warning
Non-clocked sequential cell  
The clock pin my_usb/memory_input_reg[2105]/C is not reached by a timing clock
Related violations: <none>

TIMING-17#67 Critical Warning
Non-clocked sequential cell  
The clock pin my_usb/memory_input_reg[2106]/C is not reached by a timing clock
Related violations: <none>

TIMING-17#68 Critical Warning
Non-clocked sequential cell  
The clock pin my_usb/memory_input_reg[2107]/C is not reached by a timing clock
Related violations: <none>

TIMING-17#69 Critical Warning
Non-clocked sequential cell  
The clock pin my_usb/memory_input_reg[2108]/C is not reached by a timing clock
Related violations: <none>

TIMING-17#70 Critical Warning
Non-clocked sequential cell  
The clock pin my_usb/memory_input_reg[2109]/C is not reached by a timing clock
Related violations: <none>

TIMING-17#71 Critical Warning
Non-clocked sequential cell  
The clock pin my_usb/memory_input_reg[2110]/C is not reached by a timing clock
Related violations: <none>

TIMING-17#72 Critical Warning
Non-clocked sequential cell  
The clock pin my_usb/memory_input_reg[2111]/C is not reached by a timing clock
Related violations: <none>

TIMING-17#73 Critical Warning
Non-clocked sequential cell  
The clock pin my_usb/memory_input_reg[2112]/C is not reached by a timing clock
Related violations: <none>

TIMING-17#74 Critical Warning
Non-clocked sequential cell  
The clock pin my_usb/memory_input_reg[2113]/C is not reached by a timing clock
Related violations: <none>

TIMING-17#75 Critical Warning
Non-clocked sequential cell  
The clock pin my_usb/memory_input_reg[2114]/C is not reached by a timing clock
Related violations: <none>

TIMING-17#76 Critical Warning
Non-clocked sequential cell  
The clock pin my_usb/memory_input_reg[2115]/C is not reached by a timing clock
Related violations: <none>

TIMING-17#77 Critical Warning
Non-clocked sequential cell  
The clock pin my_usb/memory_input_reg[2116]/C is not reached by a timing clock
Related violations: <none>

TIMING-17#78 Critical Warning
Non-clocked sequential cell  
The clock pin my_usb/memory_input_reg[2117]/C is not reached by a timing clock
Related violations: <none>

TIMING-17#79 Critical Warning
Non-clocked sequential cell  
The clock pin my_usb/memory_input_reg[2118]/C is not reached by a timing clock
Related violations: <none>

TIMING-17#80 Critical Warning
Non-clocked sequential cell  
The clock pin my_usb/memory_input_reg[2119]/C is not reached by a timing clock
Related violations: <none>

TIMING-17#81 Critical Warning
Non-clocked sequential cell  
The clock pin my_usb/memory_input_reg[2120]/C is not reached by a timing clock
Related violations: <none>

TIMING-17#82 Critical Warning
Non-clocked sequential cell  
The clock pin my_usb/memory_input_reg[2121]/C is not reached by a timing clock
Related violations: <none>

TIMING-17#83 Critical Warning
Non-clocked sequential cell  
The clock pin my_usb/memory_input_reg[2122]/C is not reached by a timing clock
Related violations: <none>

TIMING-17#84 Critical Warning
Non-clocked sequential cell  
The clock pin my_usb/memory_input_reg[2123]/C is not reached by a timing clock
Related violations: <none>

TIMING-17#85 Critical Warning
Non-clocked sequential cell  
The clock pin my_usb/memory_input_reg[2124]/C is not reached by a timing clock
Related violations: <none>

TIMING-17#86 Critical Warning
Non-clocked sequential cell  
The clock pin my_usb/memory_input_reg[2125]/C is not reached by a timing clock
Related violations: <none>

TIMING-17#87 Critical Warning
Non-clocked sequential cell  
The clock pin my_usb/memory_input_reg[2126]/C is not reached by a timing clock
Related violations: <none>

TIMING-17#88 Critical Warning
Non-clocked sequential cell  
The clock pin my_usb/memory_input_reg[2127]/C is not reached by a timing clock
Related violations: <none>

TIMING-17#89 Critical Warning
Non-clocked sequential cell  
The clock pin my_usb/memory_input_reg[256]/C is not reached by a timing clock
Related violations: <none>

TIMING-17#90 Critical Warning
Non-clocked sequential cell  
The clock pin my_usb/memory_input_reg[257]/C is not reached by a timing clock
Related violations: <none>

TIMING-17#91 Critical Warning
Non-clocked sequential cell  
The clock pin my_usb/memory_input_reg[258]/C is not reached by a timing clock
Related violations: <none>

TIMING-17#92 Critical Warning
Non-clocked sequential cell  
The clock pin my_usb/memory_input_reg[259]/C is not reached by a timing clock
Related violations: <none>

TIMING-17#93 Critical Warning
Non-clocked sequential cell  
The clock pin my_usb/memory_input_reg[260]/C is not reached by a timing clock
Related violations: <none>

TIMING-17#94 Critical Warning
Non-clocked sequential cell  
The clock pin my_usb/memory_input_reg[4096]/C is not reached by a timing clock
Related violations: <none>

TIMING-17#95 Critical Warning
Non-clocked sequential cell  
The clock pin my_usb/memory_input_reg[4097]/C is not reached by a timing clock
Related violations: <none>

TIMING-17#96 Critical Warning
Non-clocked sequential cell  
The clock pin my_usb/memory_input_reg[4098]/C is not reached by a timing clock
Related violations: <none>

TIMING-17#97 Critical Warning
Non-clocked sequential cell  
The clock pin my_usb/memory_input_reg[4099]/C is not reached by a timing clock
Related violations: <none>

TIMING-17#98 Critical Warning
Non-clocked sequential cell  
The clock pin my_usb/memory_input_reg[4100]/C is not reached by a timing clock
Related violations: <none>

TIMING-17#99 Critical Warning
Non-clocked sequential cell  
The clock pin my_usb/memory_input_reg[4101]/C is not reached by a timing clock
Related violations: <none>

TIMING-17#100 Critical Warning
Non-clocked sequential cell  
The clock pin my_usb/memory_input_reg[4102]/C is not reached by a timing clock
Related violations: <none>

TIMING-17#101 Critical Warning
Non-clocked sequential cell  
The clock pin my_usb/memory_input_reg[4103]/C is not reached by a timing clock
Related violations: <none>

TIMING-17#102 Critical Warning
Non-clocked sequential cell  
The clock pin my_usb/memory_input_reg[4104]/C is not reached by a timing clock
Related violations: <none>

TIMING-17#103 Critical Warning
Non-clocked sequential cell  
The clock pin my_usb/memory_input_reg[4105]/C is not reached by a timing clock
Related violations: <none>

TIMING-17#104 Critical Warning
Non-clocked sequential cell  
The clock pin my_usb/memory_input_reg[4106]/C is not reached by a timing clock
Related violations: <none>

TIMING-17#105 Critical Warning
Non-clocked sequential cell  
The clock pin my_usb/memory_input_reg[4107]/C is not reached by a timing clock
Related violations: <none>

TIMING-17#106 Critical Warning
Non-clocked sequential cell  
The clock pin my_usb/memory_input_reg[4108]/C is not reached by a timing clock
Related violations: <none>

TIMING-17#107 Critical Warning
Non-clocked sequential cell  
The clock pin my_usb/memory_input_reg[4109]/C is not reached by a timing clock
Related violations: <none>

TIMING-17#108 Critical Warning
Non-clocked sequential cell  
The clock pin my_usb/memory_input_reg[4110]/C is not reached by a timing clock
Related violations: <none>

TIMING-17#109 Critical Warning
Non-clocked sequential cell  
The clock pin my_usb/memory_input_reg[4111]/C is not reached by a timing clock
Related violations: <none>

TIMING-17#110 Critical Warning
Non-clocked sequential cell  
The clock pin my_usb/memory_input_reg[4112]/C is not reached by a timing clock
Related violations: <none>

TIMING-17#111 Critical Warning
Non-clocked sequential cell  
The clock pin my_usb/memory_input_reg[4113]/C is not reached by a timing clock
Related violations: <none>

TIMING-17#112 Critical Warning
Non-clocked sequential cell  
The clock pin my_usb/memory_input_reg[4114]/C is not reached by a timing clock
Related violations: <none>

TIMING-17#113 Critical Warning
Non-clocked sequential cell  
The clock pin my_usb/memory_input_reg[4115]/C is not reached by a timing clock
Related violations: <none>

TIMING-17#114 Critical Warning
Non-clocked sequential cell  
The clock pin my_usb/memory_input_reg[4116]/C is not reached by a timing clock
Related violations: <none>

TIMING-17#115 Critical Warning
Non-clocked sequential cell  
The clock pin my_usb/memory_input_reg[4117]/C is not reached by a timing clock
Related violations: <none>

TIMING-17#116 Critical Warning
Non-clocked sequential cell  
The clock pin my_usb/memory_input_reg[4118]/C is not reached by a timing clock
Related violations: <none>

TIMING-17#117 Critical Warning
Non-clocked sequential cell  
The clock pin my_usb/memory_input_reg[4119]/C is not reached by a timing clock
Related violations: <none>

TIMING-17#118 Critical Warning
Non-clocked sequential cell  
The clock pin my_usb/memory_input_reg[4120]/C is not reached by a timing clock
Related violations: <none>

TIMING-17#119 Critical Warning
Non-clocked sequential cell  
The clock pin my_usb/memory_input_reg[4121]/C is not reached by a timing clock
Related violations: <none>

TIMING-17#120 Critical Warning
Non-clocked sequential cell  
The clock pin my_usb/memory_input_reg[4122]/C is not reached by a timing clock
Related violations: <none>

TIMING-17#121 Critical Warning
Non-clocked sequential cell  
The clock pin my_usb/memory_input_reg[4123]/C is not reached by a timing clock
Related violations: <none>

TIMING-17#122 Critical Warning
Non-clocked sequential cell  
The clock pin my_usb/memory_input_reg[4124]/C is not reached by a timing clock
Related violations: <none>

TIMING-17#123 Critical Warning
Non-clocked sequential cell  
The clock pin my_usb/memory_input_reg[4125]/C is not reached by a timing clock
Related violations: <none>

TIMING-17#124 Critical Warning
Non-clocked sequential cell  
The clock pin my_usb/memory_input_reg[4126]/C is not reached by a timing clock
Related violations: <none>

TIMING-17#125 Critical Warning
Non-clocked sequential cell  
The clock pin my_usb/memory_input_reg[4127]/C is not reached by a timing clock
Related violations: <none>

TIMING-17#126 Critical Warning
Non-clocked sequential cell  
The clock pin my_usb/memory_input_reg[4128]/C is not reached by a timing clock
Related violations: <none>

TIMING-17#127 Critical Warning
Non-clocked sequential cell  
The clock pin my_usb/memory_input_reg[4129]/C is not reached by a timing clock
Related violations: <none>

TIMING-17#128 Critical Warning
Non-clocked sequential cell  
The clock pin my_usb/memory_input_reg[4130]/C is not reached by a timing clock
Related violations: <none>

TIMING-17#129 Critical Warning
Non-clocked sequential cell  
The clock pin my_usb/memory_input_reg[4131]/C is not reached by a timing clock
Related violations: <none>

TIMING-17#130 Critical Warning
Non-clocked sequential cell  
The clock pin my_usb/memory_input_reg[4132]/C is not reached by a timing clock
Related violations: <none>

TIMING-17#131 Critical Warning
Non-clocked sequential cell  
The clock pin my_usb/memory_input_reg[4133]/C is not reached by a timing clock
Related violations: <none>

TIMING-17#132 Critical Warning
Non-clocked sequential cell  
The clock pin my_usb/memory_input_reg[4134]/C is not reached by a timing clock
Related violations: <none>

TIMING-17#133 Critical Warning
Non-clocked sequential cell  
The clock pin my_usb/memory_input_reg[4135]/C is not reached by a timing clock
Related violations: <none>

TIMING-17#134 Critical Warning
Non-clocked sequential cell  
The clock pin my_usb/memory_input_reg[4136]/C is not reached by a timing clock
Related violations: <none>

TIMING-17#135 Critical Warning
Non-clocked sequential cell  
The clock pin my_usb/memory_input_reg[4137]/C is not reached by a timing clock
Related violations: <none>

TIMING-17#136 Critical Warning
Non-clocked sequential cell  
The clock pin my_usb/memory_input_reg[4138]/C is not reached by a timing clock
Related violations: <none>

TIMING-17#137 Critical Warning
Non-clocked sequential cell  
The clock pin my_usb/memory_input_reg[4139]/C is not reached by a timing clock
Related violations: <none>

TIMING-17#138 Critical Warning
Non-clocked sequential cell  
The clock pin my_usb/memory_input_reg[4140]/C is not reached by a timing clock
Related violations: <none>

TIMING-17#139 Critical Warning
Non-clocked sequential cell  
The clock pin my_usb/memory_input_reg[4141]/C is not reached by a timing clock
Related violations: <none>

TIMING-17#140 Critical Warning
Non-clocked sequential cell  
The clock pin my_usb/memory_input_reg[4142]/C is not reached by a timing clock
Related violations: <none>

TIMING-17#141 Critical Warning
Non-clocked sequential cell  
The clock pin my_usb/memory_input_reg[4143]/C is not reached by a timing clock
Related violations: <none>

TIMING-17#142 Critical Warning
Non-clocked sequential cell  
The clock pin my_usb/memory_input_reg[4144]/C is not reached by a timing clock
Related violations: <none>

TIMING-17#143 Critical Warning
Non-clocked sequential cell  
The clock pin my_usb/memory_input_reg[4145]/C is not reached by a timing clock
Related violations: <none>

TIMING-17#144 Critical Warning
Non-clocked sequential cell  
The clock pin my_usb/memory_input_reg[4146]/C is not reached by a timing clock
Related violations: <none>

TIMING-17#145 Critical Warning
Non-clocked sequential cell  
The clock pin my_usb/memory_input_reg[4147]/C is not reached by a timing clock
Related violations: <none>

TIMING-17#146 Critical Warning
Non-clocked sequential cell  
The clock pin my_usb/memory_input_reg[4148]/C is not reached by a timing clock
Related violations: <none>

TIMING-17#147 Critical Warning
Non-clocked sequential cell  
The clock pin my_usb/memory_input_reg[4149]/C is not reached by a timing clock
Related violations: <none>

TIMING-17#148 Critical Warning
Non-clocked sequential cell  
The clock pin my_usb/memory_input_reg[4150]/C is not reached by a timing clock
Related violations: <none>

TIMING-17#149 Critical Warning
Non-clocked sequential cell  
The clock pin my_usb/memory_input_reg[4151]/C is not reached by a timing clock
Related violations: <none>

TIMING-17#150 Critical Warning
Non-clocked sequential cell  
The clock pin my_usb/memory_input_reg[4152]/C is not reached by a timing clock
Related violations: <none>

TIMING-17#151 Critical Warning
Non-clocked sequential cell  
The clock pin my_usb/memory_input_reg[4153]/C is not reached by a timing clock
Related violations: <none>

TIMING-17#152 Critical Warning
Non-clocked sequential cell  
The clock pin my_usb/memory_input_reg[4154]/C is not reached by a timing clock
Related violations: <none>

TIMING-17#153 Critical Warning
Non-clocked sequential cell  
The clock pin my_usb/memory_input_reg[4155]/C is not reached by a timing clock
Related violations: <none>

TIMING-17#154 Critical Warning
Non-clocked sequential cell  
The clock pin my_usb/memory_input_reg[4156]/C is not reached by a timing clock
Related violations: <none>

TIMING-17#155 Critical Warning
Non-clocked sequential cell  
The clock pin my_usb/memory_input_reg[4157]/C is not reached by a timing clock
Related violations: <none>

TIMING-17#156 Critical Warning
Non-clocked sequential cell  
The clock pin my_usb/memory_input_reg[4158]/C is not reached by a timing clock
Related violations: <none>

TIMING-17#157 Critical Warning
Non-clocked sequential cell  
The clock pin my_usb/memory_input_reg[4159]/C is not reached by a timing clock
Related violations: <none>

TIMING-17#158 Critical Warning
Non-clocked sequential cell  
The clock pin my_usb/memory_input_reg[4160]/C is not reached by a timing clock
Related violations: <none>

TIMING-17#159 Critical Warning
Non-clocked sequential cell  
The clock pin my_usb/memory_input_reg[4161]/C is not reached by a timing clock
Related violations: <none>

TIMING-17#160 Critical Warning
Non-clocked sequential cell  
The clock pin my_usb/memory_input_reg[4162]/C is not reached by a timing clock
Related violations: <none>

TIMING-17#161 Critical Warning
Non-clocked sequential cell  
The clock pin my_usb/memory_input_reg[4163]/C is not reached by a timing clock
Related violations: <none>

TIMING-17#162 Critical Warning
Non-clocked sequential cell  
The clock pin my_usb/memory_input_reg[4164]/C is not reached by a timing clock
Related violations: <none>

TIMING-17#163 Critical Warning
Non-clocked sequential cell  
The clock pin my_usb/memory_input_reg[4165]/C is not reached by a timing clock
Related violations: <none>

TIMING-17#164 Critical Warning
Non-clocked sequential cell  
The clock pin my_usb/memory_input_reg[4166]/C is not reached by a timing clock
Related violations: <none>

TIMING-17#165 Critical Warning
Non-clocked sequential cell  
The clock pin my_usb/memory_input_reg[4167]/C is not reached by a timing clock
Related violations: <none>

TIMING-17#166 Critical Warning
Non-clocked sequential cell  
The clock pin my_usb/memory_input_reg[4168]/C is not reached by a timing clock
Related violations: <none>

TIMING-17#167 Critical Warning
Non-clocked sequential cell  
The clock pin my_usb/memory_input_reg[4169]/C is not reached by a timing clock
Related violations: <none>

TIMING-17#168 Critical Warning
Non-clocked sequential cell  
The clock pin my_usb/memory_input_reg[4170]/C is not reached by a timing clock
Related violations: <none>

TIMING-17#169 Critical Warning
Non-clocked sequential cell  
The clock pin my_usb/memory_input_reg[4171]/C is not reached by a timing clock
Related violations: <none>

TIMING-17#170 Critical Warning
Non-clocked sequential cell  
The clock pin my_usb/memory_input_reg[4172]/C is not reached by a timing clock
Related violations: <none>

TIMING-17#171 Critical Warning
Non-clocked sequential cell  
The clock pin my_usb/memory_input_reg[4173]/C is not reached by a timing clock
Related violations: <none>

TIMING-17#172 Critical Warning
Non-clocked sequential cell  
The clock pin my_usb/memory_input_reg[4174]/C is not reached by a timing clock
Related violations: <none>

TIMING-17#173 Critical Warning
Non-clocked sequential cell  
The clock pin my_usb/memory_input_reg[4175]/C is not reached by a timing clock
Related violations: <none>

TIMING-17#174 Critical Warning
Non-clocked sequential cell  
The clock pin my_usb/memory_input_reg[512]/C is not reached by a timing clock
Related violations: <none>

LUTAR-1#1 Warning
LUT drives async reset alert  
LUT cell reg_inst/__0/i_, with 2 or more inputs, drives asynchronous preset/clear pin(s) FSM_onehot_current_state_reg[1]/CLR, FSM_onehot_current_state_reg[2]/CLR, FSM_onehot_current_state_reg[3]/CLR, FSM_onehot_current_state_reg[4]/CLR, FSM_onehot_current_state_reg[5]/CLR, FSM_onehot_current_state_reg[0]/PRE. The LUT may glitch and trigger an unexpected reset, even if it is a properly timed path.
Related violations: <none>

TIMING-18#1 Warning
Missing input or output delay  
An input delay is missing on sw1 relative to clock(s) pll_clk1, tio_clkin
Related violations: <none>

TIMING-18#2 Warning
Missing input or output delay  
An input delay is missing on sw2 relative to clock(s) pll_clk1, tio_clkin
Related violations: <none>

TIMING-18#3 Warning
Missing input or output delay  
An input delay is missing on usb_data[0] relative to clock(s) usb_clk
Related violations: <none>

TIMING-18#4 Warning
Missing input or output delay  
An input delay is missing on usb_data[1] relative to clock(s) usb_clk
Related violations: <none>

TIMING-18#5 Warning
Missing input or output delay  
An input delay is missing on usb_data[2] relative to clock(s) usb_clk
Related violations: <none>

TIMING-18#6 Warning
Missing input or output delay  
An input delay is missing on usb_data[3] relative to clock(s) usb_clk
Related violations: <none>

TIMING-18#7 Warning
Missing input or output delay  
An input delay is missing on usb_data[4] relative to clock(s) usb_clk
Related violations: <none>

TIMING-18#8 Warning
Missing input or output delay  
An input delay is missing on usb_data[5] relative to clock(s) usb_clk
Related violations: <none>

TIMING-18#9 Warning
Missing input or output delay  
An input delay is missing on usb_data[6] relative to clock(s) usb_clk
Related violations: <none>

TIMING-18#10 Warning
Missing input or output delay  
An input delay is missing on usb_data[7] relative to clock(s) usb_clk
Related violations: <none>

TIMING-18#11 Warning
Missing input or output delay  
An input delay is missing on usb_rdn relative to clock(s) usb_clk
Related violations: <none>

TIMING-18#12 Warning
Missing input or output delay  
An input delay is missing on usb_trigger relative to clock(s) pll_clk1, tio_clkin
Related violations: <none>

TIMING-18#13 Warning
Missing input or output delay  
An output delay is missing on led1 relative to clock(s) usb_clk
Related violations: <none>

TIMING-18#14 Warning
Missing input or output delay  
An output delay is missing on led2 relative to clock(s) pll_clk1, tio_clkin
Related violations: <none>

TIMING-18#15 Warning
Missing input or output delay  
An output delay is missing on led3 relative to clock(s) pll_clk1, tio_clkin
Related violations: <none>

TIMING-18#16 Warning
Missing input or output delay  
An output delay is missing on tio_clkout relative to clock(s) pll_clk1, tio_clkin
Related violations: <none>

TIMING-18#17 Warning
Missing input or output delay  
An output delay is missing on tio_trigger relative to clock(s) pll_clk1, tio_clkin
Related violations: <none>

XDCH-2#1 Warning
Same min and max delay values on IO port  
The same input delay of 3.000 ns has been defined on port 'usb_data[0]' relative to clock usb_clk for both max and min. Make sure this reflects the design intent.
set_input_delay -clock [get_clocks -filter { NAME =~  "*usb_clk*" }] 3.000 [get_ports -filter { NAME =~  "*usb_data*" && DIRECTION == "INOUT" }]
/home/kngo/Research/Elena/TriviumCW305/TriviumCW305.srcs/constrs_1/new/Pins.xdc (Line: 87)
Related violations: <none>

XDCH-2#2 Warning
Same min and max delay values on IO port  
The same input delay of 3.000 ns has been defined on port 'usb_data[1]' relative to clock usb_clk for both max and min. Make sure this reflects the design intent.
set_input_delay -clock [get_clocks -filter { NAME =~  "*usb_clk*" }] 3.000 [get_ports -filter { NAME =~  "*usb_data*" && DIRECTION == "INOUT" }]
/home/kngo/Research/Elena/TriviumCW305/TriviumCW305.srcs/constrs_1/new/Pins.xdc (Line: 87)
Related violations: <none>

XDCH-2#3 Warning
Same min and max delay values on IO port  
The same input delay of 3.000 ns has been defined on port 'usb_data[2]' relative to clock usb_clk for both max and min. Make sure this reflects the design intent.
set_input_delay -clock [get_clocks -filter { NAME =~  "*usb_clk*" }] 3.000 [get_ports -filter { NAME =~  "*usb_data*" && DIRECTION == "INOUT" }]
/home/kngo/Research/Elena/TriviumCW305/TriviumCW305.srcs/constrs_1/new/Pins.xdc (Line: 87)
Related violations: <none>

XDCH-2#4 Warning
Same min and max delay values on IO port  
The same input delay of 3.000 ns has been defined on port 'usb_data[3]' relative to clock usb_clk for both max and min. Make sure this reflects the design intent.
set_input_delay -clock [get_clocks -filter { NAME =~  "*usb_clk*" }] 3.000 [get_ports -filter { NAME =~  "*usb_data*" && DIRECTION == "INOUT" }]
/home/kngo/Research/Elena/TriviumCW305/TriviumCW305.srcs/constrs_1/new/Pins.xdc (Line: 87)
Related violations: <none>

XDCH-2#5 Warning
Same min and max delay values on IO port  
The same input delay of 3.000 ns has been defined on port 'usb_data[4]' relative to clock usb_clk for both max and min. Make sure this reflects the design intent.
set_input_delay -clock [get_clocks -filter { NAME =~  "*usb_clk*" }] 3.000 [get_ports -filter { NAME =~  "*usb_data*" && DIRECTION == "INOUT" }]
/home/kngo/Research/Elena/TriviumCW305/TriviumCW305.srcs/constrs_1/new/Pins.xdc (Line: 87)
Related violations: <none>

XDCH-2#6 Warning
Same min and max delay values on IO port  
The same input delay of 3.000 ns has been defined on port 'usb_data[5]' relative to clock usb_clk for both max and min. Make sure this reflects the design intent.
set_input_delay -clock [get_clocks -filter { NAME =~  "*usb_clk*" }] 3.000 [get_ports -filter { NAME =~  "*usb_data*" && DIRECTION == "INOUT" }]
/home/kngo/Research/Elena/TriviumCW305/TriviumCW305.srcs/constrs_1/new/Pins.xdc (Line: 87)
Related violations: <none>

XDCH-2#7 Warning
Same min and max delay values on IO port  
The same input delay of 3.000 ns has been defined on port 'usb_data[6]' relative to clock usb_clk for both max and min. Make sure this reflects the design intent.
set_input_delay -clock [get_clocks -filter { NAME =~  "*usb_clk*" }] 3.000 [get_ports -filter { NAME =~  "*usb_data*" && DIRECTION == "INOUT" }]
/home/kngo/Research/Elena/TriviumCW305/TriviumCW305.srcs/constrs_1/new/Pins.xdc (Line: 87)
Related violations: <none>

XDCH-2#8 Warning
Same min and max delay values on IO port  
The same input delay of 3.000 ns has been defined on port 'usb_data[7]' relative to clock usb_clk for both max and min. Make sure this reflects the design intent.
set_input_delay -clock [get_clocks -filter { NAME =~  "*usb_clk*" }] 3.000 [get_ports -filter { NAME =~  "*usb_data*" && DIRECTION == "INOUT" }]
/home/kngo/Research/Elena/TriviumCW305/TriviumCW305.srcs/constrs_1/new/Pins.xdc (Line: 87)
Related violations: <none>


